// Jest Snapshot v1, https://goo.gl/fbAQLP

exports[`StatefulContainer - basic render: function-as-child called with correct args 1`] = `
Array [
  Object {
    "components": Object {
      "PopoverBody": [Function],
    },
    "content": [MockFunction],
    "isOpen": true,
    "onBlur": [Function],
    "onClickOutside": [Function],
    "onEsc": [Function],
    "onFocus": [Function],
    "onMouseEnter": [Function],
    "onMouseEnterDelay": 100,
    "onMouseLeave": [Function],
    "onMouseLeaveDelay": 200,
    "placement": "topLeft",
    "showArrow": true,
    "triggerType": "hover",
  },
]
`;
